2025-12-12 15:39:45,367 [INFO] ✅ HNX30 -> refPoint=552.89
2025-12-12 15:39:45,371 [INFO] ✅ UPCOMINDEX -> refPoint=120.16
2025-12-12 15:39:45,377 [INFO] ✅ HNXINDEX -> refPoint=255.87
2025-12-12 15:39:45,378 [INFO] ✅ Hoàn thành tạo file refpoint.py.
2025-12-12 15:39:45,379 [INFO] 🔒 Đã đóng kết nối DB
2026-01-05 10:37:04,128 [INFO] ✅ UPCOMINDEX -> refPoint=121.37
2026-01-05 10:37:04,129 [INFO] ✅ HNXINDEX -> refPoint=248.77
2026-01-05 10:37:04,131 [INFO] ✅ HNX30 -> refPoint=538.15
2026-01-05 10:37:04,133 [INFO] ✅ Hoàn thành tạo file refpoint.py.
2026-01-05 10:37:04,133 [INFO] 🔒 Đã đóng kết nối DB
2026-07-19 16:20:52,507 [INFO] ✅ HNXINDEX -> refPoint=291.7
2026-07-19 16:20:52,510 [INFO] ✅ HNX30 -> refPoint=487.77
2026-07-19 16:20:52,509 [INFO] ✅ UPCOMINDEX -> refPoint=127.38
2026-07-19 16:20:52,512 [INFO] ✅ Hoàn thành tạo file refpoint.py.
2026-07-19 16:20:52,513 [INFO] 🔒 Đã đóng kết nối DB
2026-07-20 08:30:03,030 [INFO] ✅ HNXINDEX -> refPoint=291.7
2026-07-20 08:30:03,032 [INFO] ✅ UPCOMINDEX -> refPoint=127.38
2026-07-20 08:30:03,033 [INFO] ✅ HNX30 -> refPoint=487.77
2026-07-20 08:30:03,035 [INFO] ✅ Hoàn thành tạo file refpoint.py.
2026-07-20 08:30:03,036 [INFO] 🔒 Đã đóng kết nối DB
2026-07-21 08:30:02,599 [INFO] ✅ HNX30 -> refPoint=466.88
2026-07-21 08:30:02,602 [INFO] ✅ UPCOMINDEX -> refPoint=126.34
2026-07-21 08:30:02,601 [INFO] ✅ HNXINDEX -> refPoint=284.41
2026-07-21 08:30:02,604 [INFO] ✅ Hoàn thành tạo file refpoint.py.
2026-07-21 08:30:02,605 [INFO] 🔒 Đã đóng kết nối DB
2026-07-22 08:30:02,889 [INFO] ✅ HNXINDEX -> refPoint=280.74
2026-07-22 08:30:02,892 [INFO] ✅ UPCOMINDEX -> refPoint=125.42
2026-07-22 08:30:02,890 [INFO] ✅ HNX30 -> refPoint=462.34
2026-07-22 08:30:02,893 [INFO] ✅ Hoàn thành tạo file refpoint.py.
2026-07-22 08:30:02,894 [INFO] 🔒 Đã đóng kết nối DB
2026-07-23 08:32:16,831 [ERROR] Lỗi đọc bảng ohlcv."HNXINDEX_1D"
Traceback (most recent call last):
  File "/resources/data/venv/lib/python3.14/site-packages/sqlalchemy/engine/base.py", line 144, in __init__
    self._dbapi_connection = engine.raw_connection()
                             ~~~~~~~~~~~~~~~~~~~~~^^
  File "/resources/data/venv/lib/python3.14/site-packages/sqlalchemy/engine/base.py", line 3319, in raw_connection
    return self.pool.connect()
           ~~~~~~~~~~~~~~~~~^^
  File "/resources/data/venv/lib/python3.14/site-packages/sqlalchemy/pool/base.py", line 448, in connect
    return _ConnectionFairy._checkout(self)
           ~~~~~~~~~~~~~~~~~~~~~~~~~~^^^^^^
  File "/resources/data/venv/lib/python3.14/site-packages/sqlalchemy/pool/base.py", line 1272, in _checkout
    fairy = _ConnectionRecord.checkout(pool)
  File "/resources/data/venv/lib/python3.14/site-packages/sqlalchemy/pool/base.py", line 712, in checkout
    rec = pool._do_get()
  File "/resources/data/venv/lib/python3.14/site-packages/sqlalchemy/pool/impl.py", line 178, in _do_get
    with util.safe_reraise():
         ~~~~~~~~~~~~~~~~~^^
  File "/resources/data/venv/lib/python3.14/site-packages/sqlalchemy/util/langhelpers.py", line 122, in __exit__
    raise exc_value.with_traceback(exc_tb)
  File "/resources/data/venv/lib/python3.14/site-packages/sqlalchemy/pool/impl.py", line 176, in _do_get
    return self._create_connection()
           ~~~~~~~~~~~~~~~~~~~~~~~^^
  File "/resources/data/venv/lib/python3.14/site-packages/sqlalchemy/pool/base.py", line 389, in _create_connection
    return _ConnectionRecord(self)
  File "/resources/data/venv/lib/python3.14/site-packages/sqlalchemy/pool/base.py", line 674, in __init__
    self.__connect()
    ~~~~~~~~~~~~~~^^
  File "/resources/data/venv/lib/python3.14/site-packages/sqlalchemy/pool/base.py", line 900, in __connect
    with util.safe_reraise():
         ~~~~~~~~~~~~~~~~~^^
  File "/resources/data/venv/lib/python3.14/site-packages/sqlalchemy/util/langhelpers.py", line 122, in __exit__
    raise exc_value.with_traceback(exc_tb)
  File "/resources/data/venv/lib/python3.14/site-packages/sqlalchemy/pool/base.py", line 896, in __connect
    self.dbapi_connection = connection = pool._invoke_creator(self)
                                         ~~~~~~~~~~~~~~~~~~~~^^^^^^
  File "/resources/data/venv/lib/python3.14/site-packages/sqlalchemy/engine/create.py", line 667, in connect
    return dialect.connect(*cargs_tup, **cparams)
           ~~~~~~~~~~~~~~~^^^^^^^^^^^^^^^^^^^^^^^
  File "/resources/data/venv/lib/python3.14/site-packages/sqlalchemy/engine/default.py", line 630, in connect
    return self.loaded_dbapi.connect(*cargs, **cparams)  # type: ignore[no-any-return]  # NOQA: E501
           ~~~~~~~~~~~~~~~~~~~~~~~~~^^^^^^^^^^^^^^^^^^^
  File "/resources/data/venv/lib/python3.14/site-packages/psycopg2/__init__.py", line 122, in connect
    conn = _connect(dsn, connection_factory=connection_factory, **kwasync)
psycopg2.OperationalError: connection to server at "tanhungsoft.com" (27.77.182.50), port 5432 failed: Connection timed out
	Is the server running on that host and accepting TCP/IP connections?


The above exception was the direct cause of the following exception:

Traceback (most recent call last):
  File "/resources/data/SSI_streaming/streaming/indices/get_refpoint.py", line 57, in tradingview
    with ENGINE.connect() as conn:
         ~~~~~~~~~~~~~~^^
  File "/resources/data/venv/lib/python3.14/site-packages/sqlalchemy/engine/base.py", line 3295, in connect
    return self._connection_cls(self)
           ~~~~~~~~~~~~~~~~~~~~^^^^^^
  File "/resources/data/venv/lib/python3.14/site-packages/sqlalchemy/engine/base.py", line 146, in __init__
    Connection._handle_dbapi_exception_noconnection(
    ~~~~~~~~~~~~~~~~~~~~~~~~~~~~~~~~~~~~~~~~~~~~~~~^
        err, dialect, engine
        ^^^^^^^^^^^^^^^^^^^^
    )
    ^
  File "/resources/data/venv/lib/python3.14/site-packages/sqlalchemy/engine/base.py", line 2450, in _handle_dbapi_exception_noconnection
    raise sqlalchemy_exception.with_traceback(exc_info[2]) from e
  File "/resources/data/venv/lib/python3.14/site-packages/sqlalchemy/engine/base.py", line 144, in __init__
    self._dbapi_connection = engine.raw_connection()
                             ~~~~~~~~~~~~~~~~~~~~~^^
  File "/resources/data/venv/lib/python3.14/site-packages/sqlalchemy/engine/base.py", line 3319, in raw_connection
    return self.pool.connect()
           ~~~~~~~~~~~~~~~~~^^
  File "/resources/data/venv/lib/python3.14/site-packages/sqlalchemy/pool/base.py", line 448, in connect
    return _ConnectionFairy._checkout(self)
           ~~~~~~~~~~~~~~~~~~~~~~~~~~^^^^^^
  File "/resources/data/venv/lib/python3.14/site-packages/sqlalchemy/pool/base.py", line 1272, in _checkout
    fairy = _ConnectionRecord.checkout(pool)
  File "/resources/data/venv/lib/python3.14/site-packages/sqlalchemy/pool/base.py", line 712, in checkout
    rec = pool._do_get()
  File "/resources/data/venv/lib/python3.14/site-packages/sqlalchemy/pool/impl.py", line 178, in _do_get
    with util.safe_reraise():
         ~~~~~~~~~~~~~~~~~^^
  File "/resources/data/venv/lib/python3.14/site-packages/sqlalchemy/util/langhelpers.py", line 122, in __exit__
    raise exc_value.with_traceback(exc_tb)
  File "/resources/data/venv/lib/python3.14/site-packages/sqlalchemy/pool/impl.py", line 176, in _do_get
    return self._create_connection()
           ~~~~~~~~~~~~~~~~~~~~~~~^^
  File "/resources/data/venv/lib/python3.14/site-packages/sqlalchemy/pool/base.py", line 389, in _create_connection
    return _ConnectionRecord(self)
  File "/resources/data/venv/lib/python3.14/site-packages/sqlalchemy/pool/base.py", line 674, in __init__
    self.__connect()
    ~~~~~~~~~~~~~~^^
  File "/resources/data/venv/lib/python3.14/site-packages/sqlalchemy/pool/base.py", line 900, in __connect
    with util.safe_reraise():
         ~~~~~~~~~~~~~~~~~^^
  File "/resources/data/venv/lib/python3.14/site-packages/sqlalchemy/util/langhelpers.py", line 122, in __exit__
    raise exc_value.with_traceback(exc_tb)
  File "/resources/data/venv/lib/python3.14/site-packages/sqlalchemy/pool/base.py", line 896, in __connect
    self.dbapi_connection = connection = pool._invoke_creator(self)
                                         ~~~~~~~~~~~~~~~~~~~~^^^^^^
  File "/resources/data/venv/lib/python3.14/site-packages/sqlalchemy/engine/create.py", line 667, in connect
    return dialect.connect(*cargs_tup, **cparams)
           ~~~~~~~~~~~~~~~^^^^^^^^^^^^^^^^^^^^^^^
  File "/resources/data/venv/lib/python3.14/site-packages/sqlalchemy/engine/default.py", line 630, in connect
    return self.loaded_dbapi.connect(*cargs, **cparams)  # type: ignore[no-any-return]  # NOQA: E501
           ~~~~~~~~~~~~~~~~~~~~~~~~~^^^^^^^^^^^^^^^^^^^
  File "/resources/data/venv/lib/python3.14/site-packages/psycopg2/__init__.py", line 122, in connect
    conn = _connect(dsn, connection_factory=connection_factory, **kwasync)
sqlalchemy.exc.OperationalError: (psycopg2.OperationalError) connection to server at "tanhungsoft.com" (27.77.182.50), port 5432 failed: Connection timed out
	Is the server running on that host and accepting TCP/IP connections?

(Background on this error at: https://sqlalche.me/e/20/e3q8)
2026-07-23 08:32:16,833 [ERROR] Lỗi đọc bảng ohlcv."HNX30_1D"
Traceback (most recent call last):
  File "/resources/data/venv/lib/python3.14/site-packages/sqlalchemy/engine/base.py", line 144, in __init__
    self._dbapi_connection = engine.raw_connection()
                             ~~~~~~~~~~~~~~~~~~~~~^^
  File "/resources/data/venv/lib/python3.14/site-packages/sqlalchemy/engine/base.py", line 3319, in raw_connection
    return self.pool.connect()
           ~~~~~~~~~~~~~~~~~^^
  File "/resources/data/venv/lib/python3.14/site-packages/sqlalchemy/pool/base.py", line 448, in connect
    return _ConnectionFairy._checkout(self)
           ~~~~~~~~~~~~~~~~~~~~~~~~~~^^^^^^
  File "/resources/data/venv/lib/python3.14/site-packages/sqlalchemy/pool/base.py", line 1272, in _checkout
    fairy = _ConnectionRecord.checkout(pool)
  File "/resources/data/venv/lib/python3.14/site-packages/sqlalchemy/pool/base.py", line 712, in checkout
    rec = pool._do_get()
  File "/resources/data/venv/lib/python3.14/site-packages/sqlalchemy/pool/impl.py", line 178, in _do_get
    with util.safe_reraise():
         ~~~~~~~~~~~~~~~~~^^
  File "/resources/data/venv/lib/python3.14/site-packages/sqlalchemy/util/langhelpers.py", line 122, in __exit__
    raise exc_value.with_traceback(exc_tb)
  File "/resources/data/venv/lib/python3.14/site-packages/sqlalchemy/pool/impl.py", line 176, in _do_get
    return self._create_connection()
           ~~~~~~~~~~~~~~~~~~~~~~~^^
  File "/resources/data/venv/lib/python3.14/site-packages/sqlalchemy/pool/base.py", line 389, in _create_connection
    return _ConnectionRecord(self)
  File "/resources/data/venv/lib/python3.14/site-packages/sqlalchemy/pool/base.py", line 674, in __init__
    self.__connect()
    ~~~~~~~~~~~~~~^^
  File "/resources/data/venv/lib/python3.14/site-packages/sqlalchemy/pool/base.py", line 900, in __connect
    with util.safe_reraise():
         ~~~~~~~~~~~~~~~~~^^
  File "/resources/data/venv/lib/python3.14/site-packages/sqlalchemy/util/langhelpers.py", line 122, in __exit__
    raise exc_value.with_traceback(exc_tb)
  File "/resources/data/venv/lib/python3.14/site-packages/sqlalchemy/pool/base.py", line 896, in __connect
    self.dbapi_connection = connection = pool._invoke_creator(self)
                                         ~~~~~~~~~~~~~~~~~~~~^^^^^^
  File "/resources/data/venv/lib/python3.14/site-packages/sqlalchemy/engine/create.py", line 667, in connect
    return dialect.connect(*cargs_tup, **cparams)
           ~~~~~~~~~~~~~~~^^^^^^^^^^^^^^^^^^^^^^^
  File "/resources/data/venv/lib/python3.14/site-packages/sqlalchemy/engine/default.py", line 630, in connect
    return self.loaded_dbapi.connect(*cargs, **cparams)  # type: ignore[no-any-return]  # NOQA: E501
           ~~~~~~~~~~~~~~~~~~~~~~~~~^^^^^^^^^^^^^^^^^^^
  File "/resources/data/venv/lib/python3.14/site-packages/psycopg2/__init__.py", line 122, in connect
    conn = _connect(dsn, connection_factory=connection_factory, **kwasync)
psycopg2.OperationalError: connection to server at "tanhungsoft.com" (27.77.182.50), port 5432 failed: Connection timed out
	Is the server running on that host and accepting TCP/IP connections?


The above exception was the direct cause of the following exception:

Traceback (most recent call last):
  File "/resources/data/SSI_streaming/streaming/indices/get_refpoint.py", line 57, in tradingview
    with ENGINE.connect() as conn:
         ~~~~~~~~~~~~~~^^
  File "/resources/data/venv/lib/python3.14/site-packages/sqlalchemy/engine/base.py", line 3295, in connect
    return self._connection_cls(self)
           ~~~~~~~~~~~~~~~~~~~~^^^^^^
  File "/resources/data/venv/lib/python3.14/site-packages/sqlalchemy/engine/base.py", line 146, in __init__
    Connection._handle_dbapi_exception_noconnection(
    ~~~~~~~~~~~~~~~~~~~~~~~~~~~~~~~~~~~~~~~~~~~~~~~^
        err, dialect, engine
        ^^^^^^^^^^^^^^^^^^^^
    )
    ^
  File "/resources/data/venv/lib/python3.14/site-packages/sqlalchemy/engine/base.py", line 2450, in _handle_dbapi_exception_noconnection
    raise sqlalchemy_exception.with_traceback(exc_info[2]) from e
  File "/resources/data/venv/lib/python3.14/site-packages/sqlalchemy/engine/base.py", line 144, in __init__
    self._dbapi_connection = engine.raw_connection()
                             ~~~~~~~~~~~~~~~~~~~~~^^
  File "/resources/data/venv/lib/python3.14/site-packages/sqlalchemy/engine/base.py", line 3319, in raw_connection
    return self.pool.connect()
           ~~~~~~~~~~~~~~~~~^^
  File "/resources/data/venv/lib/python3.14/site-packages/sqlalchemy/pool/base.py", line 448, in connect
    return _ConnectionFairy._checkout(self)
           ~~~~~~~~~~~~~~~~~~~~~~~~~~^^^^^^
  File "/resources/data/venv/lib/python3.14/site-packages/sqlalchemy/pool/base.py", line 1272, in _checkout
    fairy = _ConnectionRecord.checkout(pool)
  File "/resources/data/venv/lib/python3.14/site-packages/sqlalchemy/pool/base.py", line 712, in checkout
    rec = pool._do_get()
  File "/resources/data/venv/lib/python3.14/site-packages/sqlalchemy/pool/impl.py", line 178, in _do_get
    with util.safe_reraise():
         ~~~~~~~~~~~~~~~~~^^
  File "/resources/data/venv/lib/python3.14/site-packages/sqlalchemy/util/langhelpers.py", line 122, in __exit__
    raise exc_value.with_traceback(exc_tb)
  File "/resources/data/venv/lib/python3.14/site-packages/sqlalchemy/pool/impl.py", line 176, in _do_get
    return self._create_connection()
           ~~~~~~~~~~~~~~~~~~~~~~~^^
  File "/resources/data/venv/lib/python3.14/site-packages/sqlalchemy/pool/base.py", line 389, in _create_connection
    return _ConnectionRecord(self)
  File "/resources/data/venv/lib/python3.14/site-packages/sqlalchemy/pool/base.py", line 674, in __init__
    self.__connect()
    ~~~~~~~~~~~~~~^^
  File "/resources/data/venv/lib/python3.14/site-packages/sqlalchemy/pool/base.py", line 900, in __connect
    with util.safe_reraise():
         ~~~~~~~~~~~~~~~~~^^
  File "/resources/data/venv/lib/python3.14/site-packages/sqlalchemy/util/langhelpers.py", line 122, in __exit__
    raise exc_value.with_traceback(exc_tb)
  File "/resources/data/venv/lib/python3.14/site-packages/sqlalchemy/pool/base.py", line 896, in __connect
    self.dbapi_connection = connection = pool._invoke_creator(self)
                                         ~~~~~~~~~~~~~~~~~~~~^^^^^^
  File "/resources/data/venv/lib/python3.14/site-packages/sqlalchemy/engine/create.py", line 667, in connect
    return dialect.connect(*cargs_tup, **cparams)
           ~~~~~~~~~~~~~~~^^^^^^^^^^^^^^^^^^^^^^^
  File "/resources/data/venv/lib/python3.14/site-packages/sqlalchemy/engine/default.py", line 630, in connect
    return self.loaded_dbapi.connect(*cargs, **cparams)  # type: ignore[no-any-return]  # NOQA: E501
           ~~~~~~~~~~~~~~~~~~~~~~~~~^^^^^^^^^^^^^^^^^^^
  File "/resources/data/venv/lib/python3.14/site-packages/psycopg2/__init__.py", line 122, in connect
    conn = _connect(dsn, connection_factory=connection_factory, **kwasync)
sqlalchemy.exc.OperationalError: (psycopg2.OperationalError) connection to server at "tanhungsoft.com" (27.77.182.50), port 5432 failed: Connection timed out
	Is the server running on that host and accepting TCP/IP connections?

(Background on this error at: https://sqlalche.me/e/20/e3q8)
2026-07-23 08:32:16,833 [ERROR] Lỗi đọc bảng ohlcv."UPCOMINDEX_1D"
Traceback (most recent call last):
  File "/resources/data/venv/lib/python3.14/site-packages/sqlalchemy/engine/base.py", line 144, in __init__
    self._dbapi_connection = engine.raw_connection()
                             ~~~~~~~~~~~~~~~~~~~~~^^
  File "/resources/data/venv/lib/python3.14/site-packages/sqlalchemy/engine/base.py", line 3319, in raw_connection
    return self.pool.connect()
           ~~~~~~~~~~~~~~~~~^^
  File "/resources/data/venv/lib/python3.14/site-packages/sqlalchemy/pool/base.py", line 448, in connect
    return _ConnectionFairy._checkout(self)
           ~~~~~~~~~~~~~~~~~~~~~~~~~~^^^^^^
  File "/resources/data/venv/lib/python3.14/site-packages/sqlalchemy/pool/base.py", line 1272, in _checkout
    fairy = _ConnectionRecord.checkout(pool)
  File "/resources/data/venv/lib/python3.14/site-packages/sqlalchemy/pool/base.py", line 712, in checkout
    rec = pool._do_get()
  File "/resources/data/venv/lib/python3.14/site-packages/sqlalchemy/pool/impl.py", line 178, in _do_get
    with util.safe_reraise():
         ~~~~~~~~~~~~~~~~~^^
  File "/resources/data/venv/lib/python3.14/site-packages/sqlalchemy/util/langhelpers.py", line 122, in __exit__
    raise exc_value.with_traceback(exc_tb)
  File "/resources/data/venv/lib/python3.14/site-packages/sqlalchemy/pool/impl.py", line 176, in _do_get
    return self._create_connection()
           ~~~~~~~~~~~~~~~~~~~~~~~^^
  File "/resources/data/venv/lib/python3.14/site-packages/sqlalchemy/pool/base.py", line 389, in _create_connection
    return _ConnectionRecord(self)
  File "/resources/data/venv/lib/python3.14/site-packages/sqlalchemy/pool/base.py", line 674, in __init__
    self.__connect()
    ~~~~~~~~~~~~~~^^
  File "/resources/data/venv/lib/python3.14/site-packages/sqlalchemy/pool/base.py", line 900, in __connect
    with util.safe_reraise():
         ~~~~~~~~~~~~~~~~~^^
  File "/resources/data/venv/lib/python3.14/site-packages/sqlalchemy/util/langhelpers.py", line 122, in __exit__
    raise exc_value.with_traceback(exc_tb)
  File "/resources/data/venv/lib/python3.14/site-packages/sqlalchemy/pool/base.py", line 896, in __connect
    self.dbapi_connection = connection = pool._invoke_creator(self)
                                         ~~~~~~~~~~~~~~~~~~~~^^^^^^
  File "/resources/data/venv/lib/python3.14/site-packages/sqlalchemy/engine/create.py", line 667, in connect
    return dialect.connect(*cargs_tup, **cparams)
           ~~~~~~~~~~~~~~~^^^^^^^^^^^^^^^^^^^^^^^
  File "/resources/data/venv/lib/python3.14/site-packages/sqlalchemy/engine/default.py", line 630, in connect
    return self.loaded_dbapi.connect(*cargs, **cparams)  # type: ignore[no-any-return]  # NOQA: E501
           ~~~~~~~~~~~~~~~~~~~~~~~~~^^^^^^^^^^^^^^^^^^^
  File "/resources/data/venv/lib/python3.14/site-packages/psycopg2/__init__.py", line 122, in connect
    conn = _connect(dsn, connection_factory=connection_factory, **kwasync)
psycopg2.OperationalError: connection to server at "tanhungsoft.com" (27.77.182.50), port 5432 failed: Connection timed out
	Is the server running on that host and accepting TCP/IP connections?


The above exception was the direct cause of the following exception:

Traceback (most recent call last):
  File "/resources/data/SSI_streaming/streaming/indices/get_refpoint.py", line 57, in tradingview
    with ENGINE.connect() as conn:
         ~~~~~~~~~~~~~~^^
  File "/resources/data/venv/lib/python3.14/site-packages/sqlalchemy/engine/base.py", line 3295, in connect
    return self._connection_cls(self)
           ~~~~~~~~~~~~~~~~~~~~^^^^^^
  File "/resources/data/venv/lib/python3.14/site-packages/sqlalchemy/engine/base.py", line 146, in __init__
    Connection._handle_dbapi_exception_noconnection(
    ~~~~~~~~~~~~~~~~~~~~~~~~~~~~~~~~~~~~~~~~~~~~~~~^
        err, dialect, engine
        ^^^^^^^^^^^^^^^^^^^^
    )
    ^
  File "/resources/data/venv/lib/python3.14/site-packages/sqlalchemy/engine/base.py", line 2450, in _handle_dbapi_exception_noconnection
    raise sqlalchemy_exception.with_traceback(exc_info[2]) from e
  File "/resources/data/venv/lib/python3.14/site-packages/sqlalchemy/engine/base.py", line 144, in __init__
    self._dbapi_connection = engine.raw_connection()
                             ~~~~~~~~~~~~~~~~~~~~~^^
  File "/resources/data/venv/lib/python3.14/site-packages/sqlalchemy/engine/base.py", line 3319, in raw_connection
    return self.pool.connect()
           ~~~~~~~~~~~~~~~~~^^
  File "/resources/data/venv/lib/python3.14/site-packages/sqlalchemy/pool/base.py", line 448, in connect
    return _ConnectionFairy._checkout(self)
           ~~~~~~~~~~~~~~~~~~~~~~~~~~^^^^^^
  File "/resources/data/venv/lib/python3.14/site-packages/sqlalchemy/pool/base.py", line 1272, in _checkout
    fairy = _ConnectionRecord.checkout(pool)
  File "/resources/data/venv/lib/python3.14/site-packages/sqlalchemy/pool/base.py", line 712, in checkout
    rec = pool._do_get()
  File "/resources/data/venv/lib/python3.14/site-packages/sqlalchemy/pool/impl.py", line 178, in _do_get
    with util.safe_reraise():
         ~~~~~~~~~~~~~~~~~^^
  File "/resources/data/venv/lib/python3.14/site-packages/sqlalchemy/util/langhelpers.py", line 122, in __exit__
    raise exc_value.with_traceback(exc_tb)
  File "/resources/data/venv/lib/python3.14/site-packages/sqlalchemy/pool/impl.py", line 176, in _do_get
    return self._create_connection()
           ~~~~~~~~~~~~~~~~~~~~~~~^^
  File "/resources/data/venv/lib/python3.14/site-packages/sqlalchemy/pool/base.py", line 389, in _create_connection
    return _ConnectionRecord(self)
  File "/resources/data/venv/lib/python3.14/site-packages/sqlalchemy/pool/base.py", line 674, in __init__
    self.__connect()
    ~~~~~~~~~~~~~~^^
  File "/resources/data/venv/lib/python3.14/site-packages/sqlalchemy/pool/base.py", line 900, in __connect
    with util.safe_reraise():
         ~~~~~~~~~~~~~~~~~^^
  File "/resources/data/venv/lib/python3.14/site-packages/sqlalchemy/util/langhelpers.py", line 122, in __exit__
    raise exc_value.with_traceback(exc_tb)
  File "/resources/data/venv/lib/python3.14/site-packages/sqlalchemy/pool/base.py", line 896, in __connect
    self.dbapi_connection = connection = pool._invoke_creator(self)
                                         ~~~~~~~~~~~~~~~~~~~~^^^^^^
  File "/resources/data/venv/lib/python3.14/site-packages/sqlalchemy/engine/create.py", line 667, in connect
    return dialect.connect(*cargs_tup, **cparams)
           ~~~~~~~~~~~~~~~^^^^^^^^^^^^^^^^^^^^^^^
  File "/resources/data/venv/lib/python3.14/site-packages/sqlalchemy/engine/default.py", line 630, in connect
    return self.loaded_dbapi.connect(*cargs, **cparams)  # type: ignore[no-any-return]  # NOQA: E501
           ~~~~~~~~~~~~~~~~~~~~~~~~~^^^^^^^^^^^^^^^^^^^
  File "/resources/data/venv/lib/python3.14/site-packages/psycopg2/__init__.py", line 122, in connect
    conn = _connect(dsn, connection_factory=connection_factory, **kwasync)
sqlalchemy.exc.OperationalError: (psycopg2.OperationalError) connection to server at "tanhungsoft.com" (27.77.182.50), port 5432 failed: Connection timed out
	Is the server running on that host and accepting TCP/IP connections?

(Background on this error at: https://sqlalche.me/e/20/e3q8)
2026-07-23 08:32:16,857 [WARNING] ⚠️ Không lấy được refPoint cho HNX30
2026-07-23 08:32:16,847 [WARNING] ⚠️ Không lấy được refPoint cho HNXINDEX
2026-07-23 08:32:16,866 [WARNING] ⚠️ Không lấy được refPoint cho UPCOMINDEX
2026-07-23 08:32:16,866 [WARNING] 📛 Chi tiết lỗi:
2026-07-23 08:32:16,867 [WARNING] ⚠️ Không lấy được refPoint cho HNX30
2026-07-23 08:32:16,867 [WARNING] ⚠️ Không lấy được refPoint cho HNXINDEX
2026-07-23 08:32:16,867 [WARNING] ⚠️ Không lấy được refPoint cho UPCOMINDEX
2026-07-23 08:32:16,867 [INFO] ✅ Hoàn thành tạo file refpoint.py.
2026-07-23 08:32:16,868 [INFO] 🔒 Đã đóng kết nối DB
2026-07-24 08:30:04,528 [INFO] ✅ HNX30 -> refPoint=464.88
2026-07-24 08:30:04,531 [INFO] ✅ UPCOMINDEX -> refPoint=125.53
2026-07-24 08:30:04,529 [INFO] ✅ HNXINDEX -> refPoint=281.07
2026-07-24 08:30:04,532 [INFO] ✅ Hoàn thành tạo file refpoint.py.
2026-07-24 08:30:04,533 [INFO] 🔒 Đã đóng kết nối DB
2026-07-25 08:30:03,101 [INFO] ✅ UPCOMINDEX -> refPoint=125.74
2026-07-25 08:30:03,106 [INFO] ✅ HNXINDEX -> refPoint=273.36
2026-07-25 08:30:03,111 [INFO] ✅ HNX30 -> refPoint=459.6
2026-07-25 08:30:03,112 [INFO] ✅ Hoàn thành tạo file refpoint.py.
2026-07-25 08:30:03,113 [INFO] 🔒 Đã đóng kết nối DB
2026-07-26 08:30:02,221 [INFO] ✅ UPCOMINDEX -> refPoint=125.74
2026-07-26 08:30:02,225 [INFO] ✅ HNXINDEX -> refPoint=273.36
2026-07-26 08:30:02,227 [INFO] ✅ HNX30 -> refPoint=459.6
2026-07-26 08:30:02,229 [INFO] ✅ Hoàn thành tạo file refpoint.py.
2026-07-26 08:30:02,229 [INFO] 🔒 Đã đóng kết nối DB
2026-07-27 08:30:02,866 [INFO] ✅ HNXINDEX -> refPoint=273.36
2026-07-27 08:30:02,869 [INFO] ✅ HNX30 -> refPoint=459.6
2026-07-27 08:30:02,868 [INFO] ✅ UPCOMINDEX -> refPoint=125.74
2026-07-27 08:30:02,872 [INFO] ✅ Hoàn thành tạo file refpoint.py.
2026-07-27 08:30:02,873 [INFO] 🔒 Đã đóng kết nối DB
2026-07-28 08:30:02,005 [INFO] ✅ UPCOMINDEX -> refPoint=126.26
2026-07-28 08:30:02,008 [INFO] ✅ HNXINDEX -> refPoint=269.35
2026-07-28 08:30:02,006 [INFO] ✅ HNX30 -> refPoint=440.79
2026-07-28 08:30:02,009 [INFO] ✅ Hoàn thành tạo file refpoint.py.
2026-07-28 08:30:02,010 [INFO] 🔒 Đã đóng kết nối DB
2026-07-29 08:30:02,586 [INFO] ✅ HNX30 -> refPoint=449.21
2026-07-29 08:30:02,589 [INFO] ✅ HNXINDEX -> refPoint=269.45
2026-07-29 08:30:02,587 [INFO] ✅ UPCOMINDEX -> refPoint=125.74
2026-07-29 08:30:02,590 [INFO] ✅ Hoàn thành tạo file refpoint.py.
2026-07-29 08:30:02,591 [INFO] 🔒 Đã đóng kết nối DB
